I'm sorry, but errors were detected in your script. Please correct the
errors listed below, and try again.


File "game/script.rpy", line 170: expected 'image_name_component' not found.
    show "Yes, Yes, Yes!" 
         ^

Ren'Py Version: Ren'Py 8.1.1.23060707
Sat May  4 19:33:53 2024
